-00:00:01|ArchetypeAgent|0    |believes isDriving=false @@
-00:00:01|ArchetypeAgent|0    |believes Age=80 #Age @@
-00:00:01|ArchetypeAgent|0    |believes AgentId=202021028P223 #AgentId @@
-00:00:01|ArchetypeAgent|0    |believes Archetype=Considered.Evacuator #Archetype @@
-00:00:01|ArchetypeAgent|0    |believes ArchetypeAge=75 years + #Archetypes.Age @@
-00:00:01|ArchetypeAgent|0    |believes ArchetypeHousehold=Couple without dependents living at home #Archetypes.Household @@
-00:00:01|ArchetypeAgent|0    |believes AgentType=io.github.agentsoz.ees.agents.archetype.ArchetypeAgent #BDIAgentType @@
-00:00:01|ArchetypeAgent|0    |believes Address=17 BUCKLEY STREET HARCOURT 3453 #EZI_ADD @@
-00:00:01|ArchetypeAgent|0    |believes Gender=Male #Gender @@
-00:00:01|ArchetypeAgent|0    |believes AddressCoordinates=[144.2623, -36.9993] #Geographical.Coordinate @@
-00:00:01|ArchetypeAgent|0    |believes HasDependents=0 #HasDependents @@
-00:00:01|ArchetypeAgent|0    |believes HasDependentsAtLocation= #HasDependentsAtLocation @@
-00:00:01|ArchetypeAgent|0    |believes HouseholdId=202021028H1439 #HouseholdId @@
-00:00:01|ArchetypeAgent|0    |believes isDriving=false #isDriving @@
-00:00:01|ArchetypeAgent|0    |believes ImpactFromFireDangerIndexRating=0.1 #ImpactFromFireDangerIndexRating @@
-00:00:01|ArchetypeAgent|0    |believes ImpactFromImmersionInSmoke=0.4 #ImpactFromImmersionInSmoke @@
-00:00:01|ArchetypeAgent|0    |believes ImpactFromMessageAdvice=0.4 #ImpactFromMessageAdvice @@
-00:00:01|ArchetypeAgent|0    |believes ImpactFromMessageEmergencyWarning=0.6 #ImpactFromMessageEmergencyWarning @@
-00:00:01|ArchetypeAgent|0    |believes ImpactFromMessageEvacuateNow=0.7 #ImpactFromMessageEvacuateNow @@
-00:00:01|ArchetypeAgent|0    |believes ImpactFromMessageRespondersAttending=0.2 #ImpactFromMessageRespondersAttending @@
-00:00:01|ArchetypeAgent|0    |believes ImpactFromMessageWatchAndAct=0.5 #ImpactFromMessageWatchAndAct @@
-00:00:01|ArchetypeAgent|0    |believes ImpactFromSocialMessage=0.5 #ImpactFromSocialMessage @@
-00:00:01|ArchetypeAgent|0    |believes ImpactFromVisibleEmbers=0.5 #ImpactFromVisibleEmbers @@
-00:00:01|ArchetypeAgent|0    |believes ImpactFromVisibleFire=0.6 #ImpactFromVisibleFire @@
-00:00:01|ArchetypeAgent|0    |believes ImpactFromVisibleResponders=0.4 #ImpactFromVisibleResponders @@
-00:00:01|ArchetypeAgent|0    |believes ImpactFromVisibleSmoke=0.3 #ImpactFromVisibleSmoke @@
-00:00:01|ArchetypeAgent|0    |believes LocationEvacuationPreference=FarFarAway,5000.0,0000.0 #EvacLocationPreference @@
-00:00:01|ArchetypeAgent|0    |believes LocationInvacPreference=NotSoFarAway,2500.0,2500.0 #InvacLocationPreference @@
-00:00:01|ArchetypeAgent|0    |believes LocationHome=0.000000,0.000000 #home @@
-00:00:01|ArchetypeAgent|0    |believes LocationWork=5000.000000,5000.000000 #work @@
-00:00:01|ArchetypeAgent|0    |believes PrimaryFamilyType=COUPLE_ONLY #PrimaryFamilyType @@
-00:00:01|ArchetypeAgent|0    |believes ResponseThresholdFinal=0.19 #ResponseThresholdFinal @@
-00:00:01|ArchetypeAgent|0    |believes ResponseThresholdInitial=0.26 #ResponseThresholdInitial @@
-00:00:01|ArchetypeAgent|0    |believes Sa1=2102819 #SA1_7DIGCODE @@
-00:00:01|ArchetypeAgent|0    |believes Sa2=202021028 #SA2_MAINCODE @@
-00:00:01|ArchetypeAgent|0    |believes WillGoHomeAfterVisitingDependents=1 #WillGoHomeAfterVisitingDependents @@
-00:00:01|ArchetypeAgent|0    |believes WillGoHomeBeforeLeaving=1 #WillGoHomeBeforeLeaving @@
-00:00:01|ArchetypeAgent|0    |believes WillStay=0 #WillStay @@
-00:00:01|ArchetypeAgent|0    |believes anxietyFromSituation=0.0 @@
-00:00:01|ArchetypeAgent|0    |believes anxietyFromSocialMessages=0.0 @@
-00:00:01|ArchetypeAgent|0    |believes anxietyFromEmergencyMessages=0.0 @@
-00:00:01|ArchetypeAgent|0    |believes futureValueOfFireDangerIndexRating=0.1 @@
-00:00:01|ArchetypeAgent|0    |believes futureValueOfSmokeImmersion=0.4 @@
-00:00:01|ArchetypeAgent|0    |believes futureValueOfMessageAdvice=0.4 @@
-00:00:01|ArchetypeAgent|0    |believes futureValueOfMessageEmergencyWarning=0.6 @@
-00:00:01|ArchetypeAgent|0    |believes futureValueOfMessageEvacuateNow=0.7 @@
-00:00:01|ArchetypeAgent|0    |believes futureValueOfMessageRespondersAttending=0.2 @@
-00:00:01|ArchetypeAgent|0    |believes futureValueOfMessageWatchAndAct=0.5 @@
-00:00:01|ArchetypeAgent|0    |believes futureValueOfMessageSocial=0.5 @@
-00:00:01|ArchetypeAgent|0    |believes futureValueOfVisibleEmbers=0.5 @@
-00:00:01|ArchetypeAgent|0    |believes futureValueOfVisibleResponders=0.4 @@
-00:00:01|ArchetypeAgent|0    |believes futureValueOfVisibleFire=0.6 @@
-00:00:01|ArchetypeAgent|0    |believes futureValueOfVisibleSmoke=0.3 @@
-00:00:01|ArchetypeAgent|0    |believes responseThresholdInitialReached=null @@
-00:00:01|ArchetypeAgent|0    |believes responseThresholdFinalReached=null @@
01:00:00|ArchetypeAgent|0    |started driving to work @@
01:00:00|ArchetypeAgent|0    |finished activity home @@
01:07:10|ArchetypeAgent|0    |stopped driving @@
01:07:10|ArchetypeAgent|0    |started activity work @@
01:10:00|ArchetypeAgent|0    |started driving to home @@
01:10:00|ArchetypeAgent|0    |finished activity work @@
01:12:13|ArchetypeAgent|0    |saw embers @@
01:12:13|ArchetypeAgent|0    |believes anxietyFromSituation=0.5 @@
01:12:13|ArchetypeAgent|0    |believes futureValueOfVisibleEmbers=0.0 @@
01:12:13|ArchetypeAgent|0    |believes responseThresholdInitialReached=true @@
01:12:13|ArchetypeAgent|0    |believes responseThresholdFinalReached=true @@
01:12:13|ArchetypeAgent|0    |thinks GotoLocationEvacuation~>GotoLocationEvacuationPlan is applicable
01:12:13|ArchetypeAgent|0    |will start driving to (FarFarAway, coords=5000.0,0.0) 6000m away #GotoLocationEvacuation~>GotoLocationEvacuationPlan
01:12:13|ArchetypeAgent|0    |believes isDriving=true @@
01:12:58|ArchetypeAgent|0    |stopped driving @@
01:12:58|ArchetypeAgent|0    |started driving to EvacPlace @@
01:12:58|ArchetypeAgent|0    |started activity Replan @@
01:12:58|ArchetypeAgent|0    |finished activity Replan @@
01:13:00|ArchetypeAgent|0    |saw embers @@
01:13:00|ArchetypeAgent|0    |believes anxietyFromSituation=0.5 @@
01:13:00|ArchetypeAgent|0    |believes futureValueOfVisibleEmbers=0.0 @@
01:13:46|ArchetypeAgent|0    |saw embers @@
01:13:46|ArchetypeAgent|0    |believes anxietyFromSituation=0.5 @@
01:13:46|ArchetypeAgent|0    |believes futureValueOfVisibleEmbers=0.0 @@
01:14:46|ArchetypeAgent|0    |saw embers @@
01:14:46|ArchetypeAgent|0    |believes anxietyFromSituation=0.5 @@
01:14:46|ArchetypeAgent|0    |believes futureValueOfVisibleEmbers=0.0 @@
01:15:46|ArchetypeAgent|0    |saw embers @@
01:15:46|ArchetypeAgent|0    |believes anxietyFromSituation=0.5 @@
01:15:46|ArchetypeAgent|0    |believes futureValueOfVisibleEmbers=0.0 @@
01:16:46|ArchetypeAgent|0    |saw embers @@
01:16:46|ArchetypeAgent|0    |believes anxietyFromSituation=0.5 @@
01:16:46|ArchetypeAgent|0    |believes futureValueOfVisibleEmbers=0.0 @@
01:20:57|ArchetypeAgent|0    |stopped driving @@
01:20:57|ArchetypeAgent|0    |started activity EvacPlace @@
01:20:57|ArchetypeAgent|0    |finished driving to (FarFarAway, coords=5000.0,0.0) 0m away after 1 tries #GotoLocationEvacuation~>GotoLocationEvacuationPlan
01:20:57|ArchetypeAgent|0    |believes isDriving=false @@
